[     0.1s] instrument OK · parser a4a5a5d08546f53a…
[     0.1s] 132 requests match the registration's per-item shas
[     0.1s] ceiling 4000 output tokens · stop at the brace
[     0.1s] loading google/gemma-4-31b-it @ 842da3794eaa…
Warning: You are sending unauthenticated requests to the HF Hub. Please set a HF_TOKEN to enable higher rate limits and faster downloads.

[   146.8s] READY · boot 146.8s · the kill clock stops at the first reply below
[   223.6s] reply  1/132 @matusi_ukr:22058#1of8                   76.8s ·  3841 chars · cut    4 · balanced True · finish stop
[   323.8s] reply  2/132 @matusi_ukr:22058#2of8                  100.1s ·  4765 chars · cut    0 · balanced True · finish stop
[   394.8s] reply  3/132 @matusi_ukr:22058#3of8                   71.0s ·  3612 chars · cut    4 · balanced True · finish stop
[   469.8s] reply  4/132 @matusi_ukr:22058#4of8                   75.0s ·  3807 chars · cut    4 · balanced True · finish stop
[   528.7s] reply  5/132 @matusi_ukr:22058#5of8                   58.9s ·  3052 chars · cut    4 · balanced True · finish stop
[   600.3s] reply  6/132 @matusi_ukr:22058#6of8                   71.6s ·  3576 chars · cut    1 · balanced True · finish stop
[   670.7s] reply  7/132 @matusi_ukr:22058#7of8                   70.4s ·  3549 chars · cut    4 · balanced True · finish stop
[   764.4s] reply  8/132 @matusi_ukr:22058#8of8                   93.6s ·  4533 chars · cut    4 · balanced True · finish stop
[   831.6s] reply  9/132 @matusi_ukr:22295#1of7                   67.2s ·  3416 chars · cut    4 · balanced True · finish stop
[   913.4s] reply 10/132 @matusi_ukr:22295#2of7                   81.8s ·  4182 chars · cut    0 · balanced True · finish stop
[   983.1s] reply 11/132 @matusi_ukr:22295#3of7                   69.7s ·  3518 chars · cut    0 · balanced True · finish stop
[  1047.9s] reply 12/132 @matusi_ukr:22295#4of7                   64.8s ·  3282 chars · cut    0 · balanced True · finish stop
[  1111.7s] reply 13/132 @matusi_ukr:22295#5of7                   63.8s ·  3244 chars · cut    4 · balanced True · finish stop
[  1174.0s] reply 14/132 @matusi_ukr:22295#6of7                   62.4s ·  3121 chars · cut    4 · balanced True · finish stop
[  1229.5s] reply 15/132 @matusi_ukr:22295#7of7                   55.5s ·  2778 chars · cut    4 · balanced True · finish stop
[  1309.3s] reply 16/132 @matusi_ukr:22133#1of7                   79.8s ·  3772 chars · cut    4 · balanced True · finish stop
[  1420.2s] reply 17/132 @matusi_ukr:22133#2of7                  110.9s ·  5247 chars · cut    0 · balanced True · finish stop
[  1516.9s] reply 18/132 @matusi_ukr:22133#3of7                   96.7s ·  4648 chars · cut    4 · balanced True · finish stop
[  1609.3s] reply 19/132 @matusi_ukr:22133#4of7                   92.3s ·  4311 chars · cut    0 · balanced True · finish stop
[  1700.1s] reply 20/132 @matusi_ukr:22133#5of7                   90.8s ·  3892 chars · cut    4 · balanced True · finish stop
[  1786.8s] reply 21/132 @matusi_ukr:22133#6of7                   86.7s ·  3635 chars · cut    4 · balanced True · finish stop
[  1864.1s] reply 22/132 @matusi_ukr:22133#7of7                   77.3s ·  3216 chars · cut    4 · balanced True · finish stop
[  1954.8s] reply 23/132 @matusi_ukr:22092#1of3                   90.7s ·  3943 chars · cut    4 · balanced True · finish stop
[  2029.0s] reply 24/132 @matusi_ukr:22092#2of3                   74.1s ·  3278 chars · cut    4 · balanced True · finish stop
[  2051.6s] reply 25/132 @matusi_ukr:22092#3of3                   22.6s ·   948 chars · cut    4 · balanced True · finish stop
[  2126.4s] reply 26/132 @mandziak:3679#1of2                      74.8s ·  3285 chars · cut    4 · balanced True · finish stop
[  2195.1s] reply 27/132 @mandziak:3679#2of2                      68.7s ·  3005 chars · cut    1 · balanced True · finish stop
[  2276.5s] reply 28/132 @matusi_ukr:22158#1of2                   81.4s ·  3524 chars · cut    4 · balanced True · finish stop
[  2327.1s] reply 29/132 @matusi_ukr:22158#2of2                   50.5s ·  2251 chars · cut    1 · balanced True · finish stop
[  2395.4s] reply 30/132 @mandziak:3708#1of2                      68.3s ·  3213 chars · cut    1 · balanced True · finish stop
[  2417.2s] reply 31/132 @mandziak:3708#2of2                      21.8s ·   998 chars · cut    4 · balanced True · finish stop
[  2425.5s] reply 32/132 @mandziak:3718#1of2                       8.3s ·   322 chars · cut    1 · balanced True · finish stop
[  2448.5s] reply 33/132 @mandziak:3718#2of2                      23.0s ·  1115 chars · cut    1 · balanced True · finish stop
[  2519.3s] reply 34/132 @klopotenkofood:6032#1of2                70.9s ·  3544 chars · cut    4 · balanced True · finish stop
[  2533.2s] reply 35/132 @klopotenkofood:6032#2of2                13.9s ·   660 chars · cut    1 · balanced True · finish stop
[  2610.8s] reply 36/132 @matusi_ukr:22308#1of2                   77.6s ·  3730 chars · cut    4 · balanced True · finish stop
[  2625.7s] reply 37/132 @matusi_ukr:22308#2of2                   14.8s ·   631 chars · cut    4 · balanced True · finish stop
[  2693.3s] reply 38/132 @matusi_ukr:22265                        67.6s ·  3199 chars · cut    1 · balanced True · finish stop
[  2773.0s] reply 39/132 @matusi_ukr:22217                        79.8s ·  3740 chars · cut    4 · balanced True · finish stop
[  2831.4s] reply 40/132 @mandziak:3753                           58.3s ·  2844 chars · cut    4 · balanced True · finish stop
[  2898.1s] reply 41/132 @matusi_ukr:22263                        66.7s ·  3187 chars · cut    4 · balanced True · finish stop
[  2905.3s] reply 42/132 @VARUS_channel:10367                      7.2s ·   293 chars · cut    1 · balanced True · finish stop
[  2975.3s] reply 43/132 @matusi_ukr:22131                        70.0s ·  3308 chars · cut    4 · balanced True · finish stop
[  3025.6s] reply 44/132 @mandziak:3707                           50.3s ·  2310 chars · cut    4 · balanced True · finish stop
[  3070.1s] reply 45/132 @klopotenkofood:6060                     44.5s ·  2111 chars · cut    0 · balanced True · finish stop
[  3114.2s] reply 46/132 @tarilka_malyuka:695                     44.1s ·  2189 chars · cut    4 · balanced True · finish stop
[  3158.3s] reply 47/132 @VARUS_channel:10349                     44.1s ·  2046 chars · cut    4 · balanced True · finish stop
[  3206.9s] reply 48/132 @VARUS_channel:10528                     48.5s ·  2319 chars · cut    0 · balanced True · finish stop
[  3258.7s] reply 49/132 @klopotenkofood:6035                     51.8s ·  2559 chars · cut    1 · balanced True · finish stop
[  3331.6s] reply 50/132 @matusi_ukr:22111                        72.9s ·  3339 chars · cut    1 · balanced True · finish stop
[  3382.7s] reply 51/132 @kopiyochka1:21720                       51.1s ·  2499 chars · cut    4 · balanced True · finish stop
[  3421.1s] reply 52/132 @mandziak:3702                           38.4s ·  1803 chars · cut    0 · balanced True · finish stop
[  3457.0s] reply 53/132 @mandziak:3736                           35.9s ·  1629 chars · cut    0 · balanced True · finish stop
[  3492.6s] reply 54/132 @mandziak:3768                           35.6s ·  1576 chars · cut    4 · balanced True · finish stop
[  3536.1s] reply 55/132 @VARUS_channel:10466                     43.5s ·  2026 chars · cut    4 · balanced True · finish stop
[  3595.5s] reply 56/132 @VARUS_channel:10470                     59.3s ·  3001 chars · cut    4 · balanced True · finish stop
[  3640.2s] reply 57/132 @matusi_ukr:22195                        44.8s ·  2086 chars · cut    4 · balanced True · finish stop
[  3672.8s] reply 58/132 @ya_Nenka:836                            32.5s ·  1577 chars · cut    0 · balanced True · finish stop
[  3713.0s] reply 59/132 @VARUS_channel:10525                     40.3s ·  1984 chars · cut    1 · balanced True · finish stop
[  3745.7s] reply 60/132 @mandziak:3667                           32.7s ·  1468 chars · cut    1 · balanced True · finish stop
[  3772.7s] reply 61/132 @mandziak:3694                           27.0s ·  1273 chars · cut    0 · balanced True · finish stop
[  3810.1s] reply 62/132 @mandziak:3700                           37.4s ·  1789 chars · cut    4 · balanced True · finish stop
[  3836.7s] reply 63/132 @mandziak:3765                           26.5s ·  1248 chars · cut    0 · balanced True · finish stop
[  3858.5s] reply 64/132 @retsepty:7342                           21.8s ·   949 chars · cut    4 · balanced True · finish stop
[  3898.4s] reply 65/132 @mandziak:3721                           40.0s ·  1815 chars · cut    4 · balanced True · finish stop
[  3926.8s] reply 66/132 @matusi_ukr:22327                        28.3s ·  1318 chars · cut    1 · balanced True · finish stop
[  3943.5s] reply 67/132 @retsepty:7313                           16.7s ·   721 chars · cut    0 · balanced True · finish stop
[  3972.7s] reply 68/132 @tarilka_malyuka:747                     29.3s ·  1326 chars · cut    0 · balanced True · finish stop
[  3980.8s] reply 69/132 @VARUS_channel:10452                      8.1s ·   297 chars · cut    1 · balanced True · finish stop
[  4012.2s] reply 70/132 @mandziak:3666                           31.4s ·  1642 chars · cut    4 · balanced True · finish stop
[  4031.9s] reply 71/132 @mandziak:3775                           19.6s ·   969 chars · cut    0 · balanced True · finish stop
[  4056.0s] reply 72/132 @msuaaaa:10651                           24.1s ·  1147 chars · cut    4 · balanced True · finish stop
[  4074.5s] reply 73/132 @retsepty:7293                           18.5s ·   830 chars · cut    4 · balanced True · finish stop
[  4091.6s] reply 74/132 @retsepty:7324                           17.1s ·   740 chars · cut    4 · balanced True · finish stop
[  4113.1s] reply 75/132 @retsepty:7345                           21.5s ·   990 chars · cut    0 · balanced True · finish stop
[  4126.2s] reply 76/132 @retsepty:7350                           13.1s ·   524 chars · cut    0 · balanced True · finish stop
[  4146.0s] reply 77/132 @ya_Nenka:838                            19.9s ·   954 chars · cut    1 · balanced True · finish stop
[  4166.0s] reply 78/132 @ya_Nenka:840                            19.9s ·   928 chars · cut    1 · balanced True · finish stop
[  4186.1s] reply 79/132 @ya_Nenka:844                            20.1s ·   973 chars · cut    0 · balanced True · finish stop
[  4217.4s] reply 80/132 @VARUS_channel:10455                     31.3s ·  1548 chars · cut    4 · balanced True · finish stop
[  4225.3s] reply 81/132 @VARUS_channel:10529                      7.9s ·   332 chars · cut   11 · balanced True · finish stop
[  4244.0s] reply 82/132 @klopotenkofood:6036                     18.8s ·   803 chars · cut    1 · balanced True · finish stop
[  4262.0s] reply 83/132 @mandziak:3685                           18.0s ·   812 chars · cut    0 · balanced True · finish stop
[  4287.6s] reply 84/132 @matusi_ukr:22125                        25.6s ·  1117 chars · cut    1 · balanced True · finish stop
[  4304.5s] reply 85/132 @matusi_ukr:22292                        16.9s ·   720 chars · cut    1 · balanced True · finish stop
[  4315.4s] reply 86/132 @retsepty:7278                           10.9s ·   424 chars · cut    0 · balanced True · finish stop
[  4333.9s] reply 87/132 @retsepty:7294                           18.5s ·   808 chars · cut    4 · balanced True · finish stop
[  4347.7s] reply 88/132 @retsepty:7302                           13.8s ·   578 chars · cut    4 · balanced True · finish stop
[  4358.4s] reply 89/132 @retsepty:7305                           10.6s ·   436 chars · cut    4 · balanced True · finish stop
[  4372.4s] reply 90/132 @retsepty:7321                           14.1s ·   579 chars · cut    4 · balanced True · finish stop
[  4379.5s] reply 91/132 @retsepty:7323                            7.1s ·   263 chars · cut    3 · balanced True · finish stop
[  4395.5s] reply 92/132 @retsepty:7326                           16.1s ·   696 chars · cut    4 · balanced True · finish stop
[  4406.6s] reply 93/132 @retsepty:7328                           11.1s ·   433 chars · cut    0 · balanced True · finish stop
[  4418.3s] reply 94/132 @retsepty:7331                           11.7s ·   446 chars · cut    1 · balanced True · finish stop
[  4434.4s] reply 95/132 @retsepty:7343                           16.2s ·   738 chars · cut    4 · balanced True · finish stop
[  4450.4s] reply 96/132 @tarilka_malyuka:746                     16.0s ·   695 chars · cut    1 · balanced True · finish stop
[  4465.6s] reply 97/132 @tarilka_malyuka:820                     15.2s ·   695 chars · cut    0 · balanced True · finish stop
[  4485.0s] reply 98/132 @tarilka_malyuka:825                     19.4s ·   863 chars · cut    4 · balanced True · finish stop
[  4509.2s] reply 99/132 @VARUS_channel:10356                     24.1s ·  1064 chars · cut    4 · balanced True · finish stop
[  4526.5s] reply 100/132 @VARUS_channel:10358                     17.3s ·   756 chars · cut    1 · balanced True · finish stop
[  4545.5s] reply 101/132 @VARUS_channel:10375                     19.1s ·   879 chars · cut    1 · balanced True · finish stop
[  4562.2s] reply 102/132 @VARUS_channel:10450                     16.6s ·   763 chars · cut    4 · balanced True · finish stop
[  4589.2s] reply 103/132 @VARUS_channel:10496                     27.0s ·  1327 chars · cut    1 · balanced True · finish stop
[  4608.9s] reply 104/132 @VARUS_channel:10532                     19.7s ·   916 chars · cut    1 · balanced True · finish stop
[  4615.7s] reply 105/132 @klopotenkofood:6024                      6.8s ·   274 chars · cut    0 · balanced True · finish stop
[  4628.3s] reply 106/132 @klopotenkofood:6031                     12.6s ·   533 chars · cut    1 · balanced True · finish stop
[  4644.4s] reply 107/132 @kopiyochka1:21672                       16.1s ·   727 chars · cut    0 · balanced True · finish stop
[  4657.0s] reply 108/132 @mandziak:3746                           12.6s ·   572 chars · cut    0 · balanced True · finish stop
[  4669.0s] reply 109/132 @matusi_ukr:22208                        12.1s ·   512 chars · cut    4 · balanced True · finish stop
[  4681.4s] reply 110/132 @matusi_ukr:22307                        12.4s ·   533 chars · cut    0 · balanced True · finish stop
[  4698.1s] reply 111/132 @polyakova_fitness:1143                  16.7s ·   773 chars · cut    4 · balanced True · finish stop
[  4709.1s] reply 112/132 @retsepty:7280                           10.9s ·   493 chars · cut    1 · balanced True · finish stop
[  4720.9s] reply 113/132 @retsepty:7281                           11.9s ·   515 chars · cut    4 · balanced True · finish stop
[  4727.3s] reply 114/132 @retsepty:7284                            6.4s ·   247 chars · cut    1 · balanced True · finish stop
[  4738.6s] reply 115/132 @retsepty:7288                           11.3s ·   496 chars · cut    0 · balanced True · finish stop
[  4750.8s] reply 116/132 @retsepty:7289                           12.2s ·   546 chars · cut    0 · balanced True · finish stop
[  4761.2s] reply 117/132 @retsepty:7296                           10.4s ·   440 chars · cut    0 · balanced True · finish stop
[  4772.8s] reply 118/132 @retsepty:7301                           11.6s ·   541 chars · cut    0 · balanced True · finish stop
[  4782.3s] reply 119/132 @retsepty:7310                            9.5s ·   367 chars · cut    0 · balanced True · finish stop
[  4791.2s] reply 120/132 @retsepty:7317                            8.9s ·   353 chars · cut    1 · balanced True · finish stop
[  4800.6s] reply 121/132 @retsepty:7318                            9.4s ·   384 chars · cut    0 · balanced True · finish stop
[  4810.3s] reply 122/132 @retsepty:7320                            9.6s ·   382 chars · cut    4 · balanced True · finish stop
[  4823.4s] reply 123/132 @retsepty:7335                           13.2s ·   542 chars · cut    0 · balanced True · finish stop
[  4832.5s] reply 124/132 @retsepty:7337                            9.1s ·   346 chars · cut    4 · balanced True · finish stop
[  4844.2s] reply 125/132 @retsepty:7340                           11.7s ·   529 chars · cut    4 · balanced True · finish stop
[  4857.0s] reply 126/132 @retsepty:7348                           12.8s ·   569 chars · cut    1 · balanced True · finish stop
[  4869.2s] reply 127/132 @retsepty:7349                           12.2s ·   549 chars · cut    0 · balanced True · finish stop
[  4878.6s] reply 128/132 @retsepty:7354                            9.4s ·   365 chars · cut    1 · balanced True · finish stop
[  4890.9s] reply 129/132 @retsepty:7361                           12.3s ·   575 chars · cut    4 · balanced True · finish stop
[  4902.2s] reply 130/132 @tarilka_malyuka:764                     11.2s ·   502 chars · cut    4 · balanced True · finish stop
[  4914.7s] reply 131/132 @tarilka_malyuka:827                     12.6s ·   564 chars · cut    4 · balanced True · finish stop
[  4926.9s] reply 132/132 @ya_Nenka:834                            12.2s ·   528 chars · cut    4 · balanced True · finish stop
[  4926.9s] DONE · 132 generated here · 132 replies in /workspace/reader_topup_pod.jsonl
