0, 2
0, 2
0, 2
0, 2
0, 2
0, 2
0, 2
0, 2
0, 2
0, 4
1, 17270
2, 17276
1, 17282
3, 17286
0, 17292
1, 17300
2, 17304
3, 17310
7, 17314
3, 17322
1, 17326
6, 17330
1, 17336
0, 17344
0, 17348
5, 17354
4, 17358
0, 17364
3, 17370
3, 17374
2, 17604
0, 17790
56, 22038
53, 22038
57, 22038
57, 22038
56, 22038
55, 22038
53, 22038
55, 22038
54, 22038
55, 22038
54, 22038
54, 22038
56, 22038
53, 22038
53, 22038
56, 22038
53, 22038
57, 22038
58, 22038
57, 22038
59, 22038
58, 22038
58, 22038
59, 22038
60, 22038
57, 22038
59, 22038
57, 22038
58, 22038
59, 22038
58, 22038
59, 22038
59, 22038
61, 22038
61, 22038
61, 22038
59, 22038
60, 22038
60, 22038
61, 22038
58, 22038
59, 22038
61, 22038
62, 22038
61, 22038
60, 22038
62, 22038
59, 22038
62, 22038
62, 22038
55, 22038
60, 22040
62, 22040
60, 22040
57, 22040
63, 22040
56, 22040
62, 22040
58, 22040
55, 22040
63, 22040
60, 22040
56, 22040
64, 22040
64, 22040
60, 22040
56, 22040
65, 22040
64, 22040
61, 22040
61, 22496
59, 22956
56, 23420
54, 23420
59, 23888
59, 24360
66, 24836
63, 24836
64, 25316
61, 25800
64, 26288
67, 26780
66, 26780
66, 27276
68, 27776
64, 28280
63, 28788
67, 29300
67, 29300
59, 29816
60, 30336
66, 30860
65, 31388
67, 31388
66, 31920
65, 20174
66, 20714
67, 21258
63, 21258
63, 21806
63, 22358
66, 22914
68, 23474
69, 23474
67, 24038
65, 24606
66, 25178
63, 25754
64, 25754
63, 26334
66, 26918
70, 27508
66, 28100
68, 28696
68, 28696
66, 29296
67, 29900
65, 30508
65, 31120
68, 31120
68, 31736
66, 20528
69, 21152
68, 21780
65, 21780
67, 22412
70, 23048
0, 2
0, 2
0, 2
0, 2
0, 2
0, 2
0, 2
0, 2
0, 2
0, 2
0, 2
0, 2
0, 2
0, 2
0, 2
0, 2
0, 2
0, 2
0, 2
0, 2
0, 2
0, 2
0, 2
0, 2
0, 2
0, 266
0, 17230
2, 17270
3, 17270
3, 17278
1, 17282
1, 17288
5, 17292
3, 17298
1, 17304
2, 17308
0, 17314
2, 17322
3, 17326
0, 17332
2, 17338
3, 17342
3, 17348
1, 17354
4, 17362
2, 17370
2, 17374
0, 17436
1, 17790
52, 19408
53, 19408
50, 19408
50, 19408
52, 19408
53, 19408
53, 19408
53, 19408
52, 19408
50, 19408
55, 19408
51, 19408
53, 19408
54, 19408
54, 19408
54, 19408
54, 19408
54, 19408
52, 19408
52, 19408
53, 19408
52, 19408
51, 19408
53, 19408
53, 19408
52, 19408
53, 19408
54, 19408
51, 19408
52, 19408
51, 19408
52, 19408
52, 19408
51, 19408
46, 19408
54, 19408
52, 19408
54, 19408
52, 19408
51, 19408
49, 19408
52, 19408
51, 19408
53, 19408
52, 19408
49, 19408
54, 19408
49, 19408
53, 19408
51, 19408
49, 19408
50, 19408
51, 19408
53, 19408
53, 19408
54, 19408
52, 19408
51, 19408
50, 19410
49, 19410
54, 19410
51, 19410
55, 19410
0, 2
0, 2
0, 2
0, 2
0, 2
0, 2
0, 2
0, 2
0, 2
0, 2
0, 2
0, 2
0, 2
0, 2
0, 2
0, 2
0, 2
0, 2
0, 2
0, 2
0, 2
0, 2
0, 2
0, 2
0, 2
0, 2
0, 2
0, 2
0, 17230
0, 17230
0, 17270
8, 17274
1, 17280
6, 17282
1, 17290
1, 17294
0, 17300
4, 17304
9, 17312
4, 17316
1, 17324
3, 17328
0, 17334
3, 17340
2, 17344
5, 17348
1, 17356
5, 17360
5, 17368
1, 17372
0, 17434
0, 17790
51, 19684
52, 19684
51, 19684
53, 19684
53, 19684
51, 19684
52, 19684
52, 19684
51, 19684
50, 19684
54, 19684
53, 19684
53, 19684
53, 19684
53, 19684
54, 19684
54, 19684
99, 19684
48, 19684
48, 19684
48, 19684
52, 19684
51, 19684
51, 19684
48, 19684
51, 19684
49, 19684
50, 19684
48, 19684
49, 19684
53, 19684
53, 19684
53, 19684
53, 19684
54, 19684
55, 19684
53, 19684
51, 19684
52, 19684
51, 19684
53, 19684
52, 19684
47, 19684
50, 19684
49, 19684
99, 19684
51, 19684
51, 19684
52, 19684
52, 19684
53, 19684
53, 19684
54, 19684
54, 19684
53, 19684
54, 19684
53, 19684
53, 19684
53, 19684
51, 19684
54, 19684
52, 19684
55, 19684
54, 19684
55, 19684
54, 19684
55, 19684
55, 19684
55, 19684
51, 19684
54, 19684
55, 19684
54, 19684
53, 19684
56, 19686
55, 19686
56, 19686
54, 19686
49, 19686
57, 19686
53, 19686
57, 19686
57, 19686
57, 19686
57, 19686
57, 19686
56, 19686
58, 19686
53, 19686
59, 19686
53, 19686
57, 19686
58, 19686
57, 19686
52, 19686
52, 19686
51, 19686
51, 19686
53, 19686
51, 19686
52, 19686
51, 19686
51, 19686
51, 19686
50, 19686
51, 19686
51, 19686
50, 19686
49, 19686
49, 19686
52, 19686
51, 19686
52, 19686
51, 19686
52, 19686
51, 19686
52, 19686
52, 19686
53, 19686
52, 19686
51, 19686
53, 19686
53, 19686
52, 19686
49, 19686
53, 19686
53, 19686
53, 19686
53, 19686
54, 19686
55, 19686
52, 19686
54, 19686
56, 19686
54, 19686
54, 19686
54, 19686
55, 19686
55, 19686
53, 19686
51, 19686
55, 19686
56, 19686
52, 19686
50, 19686
47, 19686
52, 19686
51, 19686
53, 19686
52, 19686
51, 19686
53, 19686
52, 19686
53, 19686
53, 19686
52, 19686
52, 19686
50, 19686
51, 19686
52, 19686
52, 19686
53, 19686
51, 19686
51, 19686
50, 19686
48, 19686
52, 19686
49, 19686
50, 19686
51, 19686
45, 19686
48, 19686
52, 19686
48, 19686
47, 19686
46, 19686
51, 19686
54, 19686
54, 19686
52, 19686
53, 19686
53, 19686
51, 19686
56, 19686
54, 19686
51, 19686
47, 19686
47, 19686
48, 19686
50, 19686
50, 19686
47, 19686
54, 19686
54, 19686
54, 19686
50, 19686
55, 19686
55, 19686
50, 19686
49, 19686
50, 19686
51, 19686
52, 19686
53, 19686
50, 19686
53, 19686
52, 19686
51, 19686
55, 19686
52, 19686
43, 19686
53, 19686
53, 19686
52, 19686
52, 19686
51, 19686
50, 19686
50, 19686
52, 19686
51, 19686
51, 19686
51, 19686
48, 19686
48, 19686
53, 19686
49, 19686
47, 19686
49, 19686
49, 19686
47, 19686
50, 19686
52, 19686
52, 19686
52, 19686
52, 19686
52, 19686
53, 19686
53, 19686
51, 19686
53, 19686
51, 19686
53, 19686
52, 19686
52, 19686
52, 19686
54, 19686
51, 19686
51, 19686
50, 19686
54, 19686
52, 19686
99, 19686
52, 19686
48, 19686
51, 19686
52, 19686
51, 19686
50, 19686
49, 19686
51, 19686
52, 19686
53, 19686
54, 19686
53, 19686
99, 19686
52, 19686
52, 19686
49, 19686
52, 19686
50, 19686
52, 19686
51, 19686
51, 19686
46, 19686
44, 19686
42, 19686
47, 19686
52, 19686
52, 19686
52, 19686
52, 19686
50, 19686
50, 19686
54, 19686
53, 19686
53, 19686
53, 19686
54, 19686
54, 19686
55, 19686
54, 19686
54, 19686
54, 19686
53, 19686
55, 19686
53, 19686
53, 19686
56, 19686
54, 19686
54, 19686
56, 19686
56, 19686
50, 19686
53, 19686
56, 19686
55, 19686
56, 19686
57, 19686
55, 19686
56, 19686
56, 19686
55, 19686
56, 19686
56, 19686
55, 19686
57, 19686
57, 19686
56, 19686
57, 19686
54, 19686
57, 19686
56, 19686
57, 19686
52, 19686
49, 19686
46, 19686
49, 19686
50, 19686
49, 19686
52, 19686
51, 19686
51, 19686
52, 19686
49, 19686
52, 19686
50, 19686
50, 19686
52, 19686
52, 19686
52, 19686
53, 19686
51, 19686
52, 19686
52, 19686
53, 19686
54, 19686
54, 19686
54, 19686
54, 19686
51, 19686
54, 19686
53, 19686
53, 19686
53, 19686
53, 19686
52, 19686
52, 19686
51, 19686
56, 19686
54, 19686
52, 19686
56, 19686
54, 19686
54, 19686
49, 19686
52, 19686
49, 19686
54, 19686
57, 19686
56, 19686
57, 19686
56, 19686
55, 19686
56, 19686
52, 19686
56, 19686
53, 19686
56, 19686
57, 19686
56, 19686
56, 19686
56, 19686
54, 19686
58, 19686
57, 19686
57, 19686
55, 19686
58, 19686
56, 19686
57, 19686
58, 19686
57, 19686
57, 19686
56, 19686
58, 19686
58, 19686
59, 19686
57, 19686
56, 19686
60, 19686
57, 19686
99, 19686
50, 19686
50, 19686
50, 19686
50, 19686
51, 19686
47, 19686
51, 19686
52, 19686
51, 19686
48, 19686
51, 19686
47, 19686
48, 19686
49, 19686
49, 19686
47, 19686
52, 19686
51, 19686
50, 19686
52, 19686
51, 19686
51, 19686
52, 19686
50, 19686
50, 19686
53, 19686
53, 19686
53, 19686
52, 19686
54, 19686
53, 19686
54, 19686
55, 19686
55, 19686
56, 19686
54, 19686
53, 19686
53, 19686
52, 19686
51, 19686
53, 19686
53, 19686
51, 19686
52, 19686
54, 19686
54, 19686
53, 19686
50, 19686
54, 19686
53, 19686
53, 19686
54, 19686
53, 19686
54, 19686
51, 19686
99, 19686
52, 19686
49, 19686
51, 19686
52, 19686
53, 19686
49, 19686
51, 19686
51, 19686
54, 19686
53, 19686
52, 19686
55, 19686
51, 19686
51, 19686
51, 19686
52, 19686
52, 19686
53, 19686
52, 19686
53, 19686
48, 19686
49, 19686
52, 19686
52, 19686
54, 19686
54, 19686
52, 19686
54, 19686
54, 19686
53, 19686
54, 19686
55, 19686
51, 19686
50, 19686
55, 19686
54, 19686
49, 19686
51, 19686
47, 19686
49, 19686
52, 19686
52, 19686
50, 19686
51, 19686
53, 19686
53, 19686
53, 19686
53, 19686
46, 19686
47, 19686
55, 19686
54, 19686
53, 19686
53, 19686
52, 19686
51, 19686
48, 19686
51, 19686
53, 19686
53, 19686
53, 19686
53, 19686
99, 19686
53, 19686
51, 19686
54, 19686
51, 19686
52, 19686
52, 19686
53, 19686
52, 19686
52, 19686
53, 19686
54, 19686
54, 19686
53, 19686
52, 19686
52, 19686
51, 19686
53, 19686
52, 19686
51, 19686
52, 19686
53, 19686
52, 19686
54, 19686
53, 19686
51, 19686
50, 19686
53, 19686
53, 19686
53, 19686
54, 19686
51, 19686
54, 19686
54, 19686
53, 19686
54, 19686
54, 19686
52, 19686
51, 19686
51, 19686
51, 19686
50, 19686
52, 19686
51, 19686
52, 19686
52, 19686
50, 19686
49, 19686
53, 19686
53, 19686
53, 19686
51, 19686
52, 19686
52, 19686
52, 19686
53, 19686
53, 19686
53, 19686
53, 19686
51, 19686
51, 19686
51, 19686
52, 19686
52, 19686
52, 19686
52, 19686
52, 19686
53, 19686
52, 19686
50, 19686
53, 19686
53, 19686
53, 19686
53, 19686
53, 19686
52, 19686
52, 19686
52, 19686
54, 19686
55, 19686
56, 19686
54, 19686
54, 19686
52, 19686
55, 19686
57, 19686
53, 19686
55, 19686
56, 19686
55, 19686
55, 19686
57, 19686
56, 19686
54, 19686
55, 19686
53, 19686
52, 19686
57, 19686
55, 19686
53, 19686
55, 19686
52, 19686
57, 19686
56, 19686
57, 19686
56, 19686
56, 19686
57, 19686
57, 19686
55, 19686
54, 19686
54, 19686
56, 19686
56, 19686
57, 19686
57, 19686
58, 19686
58, 19686
58, 19686
58, 19686
59, 19686
54, 19686
55, 19686
54, 19686
58, 19686
59, 19686
57, 19686
58, 19686
60, 19686
57, 19686
55, 19686
60, 19686
59, 19686
54, 19686
56, 19686
58, 19686
54, 19686
59, 19686
61, 19686
59, 19686
61, 19686
61, 19686
99, 19686
51, 19686
53, 19686
52, 19686
53, 19686
53, 19686
51, 19686
52, 19686
53, 19686
55, 19686
53, 19686
51, 19686
54, 19686
53, 19686
50, 19686
48, 19686
52, 19686
52, 19686
53, 19686
48, 19686
52, 19686
49, 19686
53, 19686
53, 19686
54, 19686
52, 19686
51, 19686
47, 19686
52, 19686
52, 19686
52, 19686
53, 19686
51, 19686
50, 19686
52, 19686
52, 19686
53, 19686
53, 19686
52, 19686
53, 19686
55, 19686
51, 19686
52, 19686
55, 19686
51, 19686
53, 19686
53, 19686
54, 19686
52, 19686
53, 19686
54, 19686
49, 19686
54, 19686
54, 19686
56, 19686
53, 19686
52, 19686
52, 19686
50, 19686
51, 19686
53, 19686
51, 19686
51, 19686
53, 19686
54, 19686
53, 19686
53, 19686
53, 19686
53, 19686
55, 19686
54, 19686
54, 19686
55, 19686
54, 19686
55, 19686
54, 19686
51, 19686
52, 19686
52, 19686
52, 19686
53, 19686
52, 19686
53, 19686
55, 19686
53, 19686
53, 19686
53, 19686
53, 19686
53, 19686
53, 19686
53, 19686
49, 19686
51, 19686
49, 19686
52, 19686
50, 19686
53, 19686
53, 19686
51, 19686
52, 19686
55, 19686
53, 19686
51, 19686
52, 19686
54, 19686
54, 19686
53, 19686
52, 19686
48, 19686
49, 19686
49, 19686
49, 19686
52, 19686
51, 19686
50, 19686
50, 19686
51, 19686
51, 19686
55, 19686
55, 19686
54, 19686
55, 19686
55, 19686
51, 19686
52, 19686
56, 19686
54, 19686
57, 19686
55, 19686
56, 19686
56, 19686
57, 19686
56, 19686
56, 19686
58, 19686
57, 19686
54, 19686
56, 19686
57, 19686
57, 19686
57, 19686
55, 19686
58, 19686
55, 19686
54, 19686
55, 19686
58, 19686
59, 19686
58, 19686
57, 19686
53, 19686
56, 19686
58, 19686
48, 19686
55, 19686
50, 19686
50, 19686
52, 19686
45, 19686
52, 19686
51, 19686
51, 19686
53, 19686
53, 19686
54, 19686
50, 19686
50, 19686
54, 19686
54, 19686
54, 19686
54, 19686
55, 19686
54, 19686
54, 19686
54, 19686
49, 19686
54, 19686
54, 19686
55, 19686
53, 19686
55, 19686
52, 19686
53, 19686
49, 19686
50, 19686
50, 19686
53, 19686
53, 19686
53, 19686
54, 19686
54, 19686
54, 19686
55, 19686
54, 19686
55, 19686
54, 19686
54, 19686
54, 19686
55, 19686
55, 19686
55, 19686
55, 19686
55, 19686
53, 19686
55, 19686
54, 19686
51, 19686
54, 19686
55, 19686
54, 19686
55, 19686
51, 19686
44, 19686
56, 19686
55, 19686
55, 19686
56, 19686
56, 19686
53, 19686
55, 19686
58, 19686
58, 19686
57, 19686
57, 19686
58, 19686
59, 19686
55, 19686
52, 19686
53, 19686
52, 19686
51, 19686
48, 19686
52, 19686
52, 19686
52, 19686
52, 19686
51, 19686
52, 19686
50, 19686
51, 19686
53, 19686
50, 19686
50, 19686
51, 19686
52, 19686
49, 19686
51, 19686
47, 19686
53, 19686
53, 19686
50, 19686
54, 19686
54, 19686
54, 19686
51, 19686
51, 19686
48, 19686
48, 19686
46, 19686
52, 19686
53, 19686
50, 19686
51, 19686
53, 19686
54, 19686
54, 19686
54, 19686
52, 19686
54, 19686
53, 19686
53, 19686
52, 19686
53, 19686
53, 19686
53, 19686
54, 19686
54, 19686
54, 19686
54, 19686
55, 19686
52, 19686
52, 19686
53, 19686
54, 19686
52, 19686
53, 19686
54, 19686
54, 19686
54, 19686
53, 19686
54, 19686
54, 19686
54, 19686
54, 19686
55, 19686
55, 19686
55, 19686
56, 19686
54, 19686
55, 19686
55, 19686
56, 19686
55, 19686
55, 19686
53, 19686
56, 19686
55, 19686
55, 19686
54, 19686
56, 19686
51, 19686
46, 19686
49, 19686
53, 19686
54, 19686
49, 19686
53, 19686
53, 19686
52, 19686
49, 19686
53, 19686
54, 19686
54, 19686
53, 19686
55, 19686
55, 19686
55, 19686
54, 19686
56, 19686
55, 19686
55, 19686
55, 19686
55, 19686
55, 19686
56, 19686
55, 19686
55, 19686
52, 19686
48, 19686
57, 19686
52, 19686
56, 19686
53, 19686
55, 19686
53, 19686
54, 19686
53, 19686
53, 19686
54, 19686
53, 19686
53, 19686
53, 19686
53, 19686
51, 19686
51, 19686
53, 19686
53, 19686
51, 19686
51, 19686
52, 19686
52, 19686
51, 19686
53, 19686
55, 19686
56, 19686
54, 19686
53, 19686
55, 19686
51, 19686
54, 19686
56, 19686
57, 19686
54, 19686
57, 19686
52, 19686
52, 19686
52, 19686
48, 19686
48, 19686
50, 19686
50, 19686
52, 19686
51, 19686
52, 19686
53, 19686
50, 19686
49, 19686
50, 19686
54, 19686
50, 19686
50, 19686
53, 19686
51, 19686
54, 19686
54, 19686
54, 19686
48, 19686
54, 19686
53, 19686
54, 19686
50, 19686
50, 19686
53, 19686
54, 19686
53, 19686
53, 19686
52, 19686
54, 19686
53, 19686
48, 19686
47, 19686
50, 19686
54, 19686
54, 19686
51, 19686
54, 19686
53, 19686
50, 19686
47, 19686
53, 19686
56, 19686
55, 19686
55, 19686
55, 19686
55, 19686
56, 19686
54, 19686
99, 19686
51, 19686
52, 19686
52, 19686
52, 19686
52, 19686
53, 19686
46, 19686
52, 19686
49, 19686
53, 19686
53, 19686
41, 19686
51, 19686
53, 19686
50, 19686
53, 19686
52, 19686
52, 19686
53, 19686
54, 19686
53, 19686
53, 19686
53, 19686
54, 19686
54, 19686
53, 19686
52, 19686
52, 19686
52, 19686
52, 19686
52, 19686
53, 19686
53, 19686
53, 19686
53, 19686
51, 19686
52, 19686
53, 19686
53, 19686
78, 19686
48, 19686
52, 19686
49, 19686
52, 19686
52, 19686
53, 19686
50, 19686
52, 19686
49, 19686
51, 19686
51, 19686
54, 19686
54, 19686
54, 19686
53, 19686
55, 19686
53, 19686
54, 19686
52, 19686
51, 19686
54, 19686
52, 19686
52, 19686
52, 19686
50, 19686
50, 19686
52, 19686
52, 19686
53, 19686
53, 19686
53, 19686
49, 19686
48, 19686
52, 19686
54, 19686
55, 19686
55, 19686
54, 19686
45, 19686
53, 19686
52, 19686
52, 19686
53, 19686
52, 19686
52, 19686
53, 19686
54, 19686
53, 19686
49, 19686
44, 19686
52, 19686
54, 19686
53, 19686
54, 19686
52, 19686
51, 19686
52, 19686
52, 19686
53, 19686
53, 19686
52, 19686
51, 19686
50, 19686
52, 19686
54, 19686
51, 19686
48, 19686
54, 19686
54, 19686
52, 19686
48, 19686
54, 19686
54, 19686
54, 19686
54, 19686
54, 19686
55, 19686
54, 19686
54, 19686
55, 19686
47, 19686
53, 19686
47, 19686
52, 19686
52, 19686
53, 19686
53, 19686
49, 19686
53, 19686
54, 19686
53, 19686
53, 19686
50, 19686
54, 19686
52, 19686
52, 19686
53, 19686
53, 19686
53, 19686
54, 19686
54, 19686
55, 19686
55, 19686
54, 19686
55, 19686
54, 19686
53, 19686
52, 19686
55, 19686
54, 19686
56, 19686
56, 19686
56, 19686
55, 19686
53, 19686
55, 19686
56, 19686
56, 19686
57, 19686
56, 19686
55, 19686
57, 19686
53, 19686
52, 19686
52, 19686
50, 19686
52, 19686
53, 19686
54, 19686
53, 19686
53, 19686
53, 19686
51, 19686
52, 19686
53, 19686
48, 19686
49, 19686
49, 19686
47, 19686
49, 19686
99, 19686
50, 19686
52, 19686
52, 19686
52, 19686
52, 19686
51, 19686
51, 19686
53, 19686
52, 19686
54, 19686
53, 19686
54, 19686
54, 19686
54, 19686
53, 19686
51, 19686
52, 19686
49, 19686
51, 19686
51, 19686
52, 19686
52, 19686
52, 19686
52, 19686
54, 19686
49, 19686
52, 19686
48, 19686
51, 19686
51, 19686
52, 19686
52, 19686
52, 19686
51, 19686
54, 19686
52, 19686
52, 19686
52, 19686
53, 19686
53, 19686
52, 19686
52, 19686
53, 19686
52, 19686
52, 19686
53, 19686
46, 19686
50, 19686
50, 19686
52, 19686
52, 19686
53, 19686
52, 19686
53, 19686
47, 19686
52, 19686
52, 19686
52, 19686
52, 19686
52, 19686
54, 19686
53, 19686
52, 19686
53, 19686
54, 19686
54, 19686
50, 19686
50, 19686
54, 19686
54, 19686
54, 19686
54, 19686
53, 19686
53, 19686
53, 19686
54, 19686
54, 19686
48, 19686
54, 19686
53, 19686
53, 19686
55, 19686
54, 19686
57, 19686
55, 19686
46, 19686
55, 19686
53, 19686
51, 19686
54, 19686
56, 19686
56, 19686
55, 19686
56, 19686
54, 20130
53, 20130
51, 20130
52, 20130
53, 20130
54, 20130
53, 20130
54, 20130
54, 20130
54, 20130
55, 20130
54, 20130
50, 20130
45, 20130
51, 20130
52, 20130
52, 20130
49, 20130
48, 20130
53, 20130
50, 20130
51, 20130
52, 20130
52, 20130
50, 20130
52, 20130
52, 20130
52, 20130
52, 20130
51, 20130
47, 20130
52, 20130
51, 20130
52, 20130
52, 20130
52, 20130
52, 20130
52, 20130
50, 20130
51, 20130
51, 20130
51, 20130
53, 20130
50, 20130
54, 20130
53, 20130
54, 20130
54, 20130
52, 20130
46, 20130
51, 20130
52, 20130
55, 20130
50, 20130
50, 20130
55, 20130
55, 20130
53, 20130
50, 20130
55, 20130
55, 20130
51, 20130
53, 20130
56, 20130
53, 20130
56, 20130
57, 20130
51, 20130
56, 20130
55, 20130
56, 20130
57, 20130
53, 20130
57, 20130
57, 20130
57, 20130
58, 20130
57, 20130
57, 20130
57, 20130
57, 20130
58, 20130
58, 20130
57, 20130
55, 20130
56, 20130
55, 20130
58, 20130
52, 20130
49, 20130
51, 20130
52, 20130
51, 20130
51, 20130
46, 20130
39, 20130
51, 20130
51, 20130
52, 20130
51, 20130
52, 20130
51, 20130
52, 20130
52, 20130
52, 20130
42, 20130
52, 20130
52, 20130
50, 20130
54, 20130
47, 20130
52, 20130
55, 20130
53, 20130
48, 20130
55, 20130
52, 20130
46, 20130
47, 20130
52, 20130
50, 20130
40, 20130
52, 20130
52, 20130
53, 20130
55, 20130
50, 20130
52, 20130
54, 20130
53, 20130
52, 20130
53, 20130
54, 20130
53, 20130
52, 20130
53, 20130
53, 20130
55, 20130
54, 20130
50, 20130
54, 20130
55, 20130
50, 20130
52, 20130
54, 20130
51, 20130
46, 20130
52, 20130
44, 20130
49, 20130
47, 20130
47, 20130
48, 20130
51, 20130
52, 20130
50, 20130
53, 20130
50, 20130
54, 20130
50, 20130
52, 20130
50, 20130
52, 20130
54, 20130
44, 20130
99, 20130
47, 20130
46, 20130
47, 20130
44, 20130
51, 20130
52, 20130
49, 20130
54, 20130
51, 20130
52, 20130
56, 20130
51, 20130
55, 20130
53, 20130
48, 20130
53, 20130
54, 20130
54, 20130
53, 20130
53, 20130
52, 20130
53, 20130
52, 20130
52, 20130
54, 20130
54, 20130
55, 20130
54, 20130
56, 20130
51, 20130
51, 20130
56, 20130
54, 20130
51, 20130
55, 20130
55, 20130
53, 20130
57, 20130
55, 20130
53, 20130
54, 20130
54, 20130
56, 20130
57, 20130
55, 20130
57, 20130
56, 20130
55, 20130
54, 20130
56, 20130
56, 20130
53, 20130
57, 20130
57, 20130
57, 20130
57, 20130
54, 20130
59, 20130
57, 20130
58, 20130
59, 20130
99, 20130
42, 20130
42, 20130
46, 20130
49, 20130
51, 20130
49, 20130
52, 20130
48, 20130
52, 20130
52, 20130
52, 20130
51, 20130
53, 20130
47, 20130
53, 20130
51, 20130
53, 20130
52, 20130
52, 20130
52, 20130
53, 20130
46, 20130
53, 20130
54, 20130
54, 20130
53, 20130
53, 20130
53, 20130
51, 20130
42, 20130
49, 20130
51, 20130
51, 20130
52, 20130
53, 20130
51, 20130
51, 20130
51, 20130
49, 20130
51, 20130
48, 20130
48, 20130
48, 20130
52, 20130
54, 20130
54, 20130
53, 20130
99, 20130
52, 20130
52, 20130
53, 20130
53, 20130
54, 20130
52, 20130
53, 20130
53, 20130
54, 20130
53, 20130
54, 20130
99, 20130
52, 20130
46, 20130
49, 20130
52, 20130
52, 20130
53, 20130
52, 20130
49, 20130
52, 20130
48, 20130
51, 20130
99, 20130
51, 20130
52, 20130
51, 20130
50, 20130
52, 20130
49, 20130
50, 20130
53, 20130
54, 20130
53, 20130
53, 20130
99, 20130
52, 20130
52, 20130
52, 20130
52, 20130
52, 20130
52, 20130
53, 20130
53, 20130
53, 20130
53, 20130
53, 20130
53, 20130
55, 20130
47, 20130
53, 20130
53, 20130
52, 20130
52, 20130
53, 20130
50, 20130
52, 20130
52, 20130
52, 20130
53, 20130
52, 20130
53, 20130
53, 20130
54, 20130
54, 20130
53, 20130
54, 20130
54, 20130
54, 20130
54, 20130
50, 20130
53, 20130
53, 20130
54, 20130
54, 20130
54, 20130
53, 20130
54, 20130
55, 20130
55, 20130
56, 20130
54, 20130
53, 20130
55, 20130
51, 20130
54, 20130
53, 20130
54, 20130
55, 20130
54, 20130
56, 20130
54, 20130
56, 20130
56, 20130
54, 20130
56, 20130
57, 20130
56, 20130
59, 20130
56, 20130
54, 20130
57, 20130
51, 20130
51, 20130
52, 20130
51, 20130
51, 20130
52, 20130
51, 20130
49, 20130
52, 20130
99, 20130
49, 20130
51, 20130
51, 20130
52, 20130
53, 20130
54, 20130
52, 20130
49, 20130
53, 20130
52, 20130
53, 20130
55, 20130
54, 20130
52, 20130
54, 20130
53, 20130
54, 20130
55, 20130
54, 20130
53, 20130
55, 20130
55, 20130
54, 20130
56, 20130
54, 20130
51, 20130
51, 20130
52, 20130
52, 20130
48, 20130
49, 20130
53, 20130
49, 20130
53, 20130
51, 20130
50, 20130
51, 20130
51, 20130
52, 20130
52, 20130
51, 20130
51, 20130
52, 20130
52, 20130
52, 20130
52, 20130
54, 20130
53, 20130
52, 20130
53, 20130
51, 20130
52, 20130
49, 20130
50, 20130
49, 20130
51, 20130
53, 20130
52, 20130
46, 20130
52, 20130
52, 20130
51, 20130
52, 20130
45, 20130
52, 20130
51, 20130
51, 20130
52, 20130
52, 20130
52, 20130
52, 20130
52, 20130
54, 20130
49, 20130
52, 20130
52, 20130
49, 20130
54, 20130
51, 20130
54, 20130
54, 20130
54, 20130
55, 20130
54, 20130
55, 20130
54, 20130
50, 20130
55, 20130
56, 20130
56, 20130
55, 20130
55, 20130
54, 20130
51, 20130
52, 20130
51, 20130
54, 20130
52, 20130
53, 20130
53, 20130
54, 20130
52, 20130
50, 20130
54, 20130
51, 20130
53, 20130
55, 20130
51, 20130
52, 20130
52, 20130
51, 20130
52, 20130
52, 20130
53, 20130
53, 20130
52, 20130
52, 20130
50, 20130
51, 20130
47, 20130
52, 20130
52, 20130
51, 20130
51, 20130
53, 20130
52, 20130
52, 20130
53, 20130
54, 20130
52, 20130
54, 20130
53, 20130
52, 20130
53, 20130
54, 20130
54, 20130
52, 20130
55, 20130
55, 20130
55, 20130
54, 20130
49, 20130
47, 20130
45, 20130
51, 20130
48, 20130
51, 20130
50, 20130
52, 20130
51, 20130
54, 20130
53, 20130
53, 20130
53, 20130
53, 20130
53, 20130
52, 20130
54, 20130
49, 20130
54, 20130
55, 20130
55, 20130
54, 20130
53, 20130
55, 20130
54, 20130
54, 20130
56, 20130
55, 20130
55, 20130
56, 20130
55, 20130
56, 20130
48, 20130
51, 20130
52, 20130
52, 20130
52, 20130
52, 20130
52, 20130
53, 20130
53, 20130
54, 20130
53, 20130
53, 20130
53, 20130
54, 20130
54, 20130
53, 20130
54, 20130
99, 20352
53, 20352
53, 20352
51, 20352
51, 20352
51, 20352
53, 20352
54, 20352
53, 20352
55, 20352
53, 20352
51, 20352
51, 20352
55, 20352
51, 20352
54, 20352
55, 20352
55, 20352
53, 20352
53, 20352
53, 20352
55, 20352
80, 20352
52, 20352
53, 20352
53, 20352
54, 20352
53, 20352
53, 20352
52, 20352
53, 20352
53, 20352
52, 20352
52, 20352
51, 20352
52, 20352
52, 20352
52, 20352
51, 20352
52, 20352
51, 20352
50, 20352
53, 20352
51, 20352
48, 20352
52, 20352
47, 20352
47, 20352
47, 20352
49, 20352
47, 20352
47, 20352
53, 20352
53, 20352
53, 20352
53, 20352
53, 20352
53, 20352
53, 20352
53, 20352
53, 20352
55, 20352
53, 20352
49, 20352
53, 20352
53, 20352
54, 20352
53, 20352
54, 20352
55, 20352
54, 20352
54, 20352
55, 20352
54, 20352
55, 20352
53, 20352
51, 20352
55, 20352
54, 20352
55, 20352
56, 20352
56, 20352
57, 20352
56, 20352
56, 20352
57, 20352
57, 20352
58, 20352
56, 20352
99, 20352
54, 20352
53, 20352
54, 20352
54, 20352
55, 20352
54, 20352
52, 20352
52, 20352
53, 20352
55, 20352
56, 20352
55, 20352
55, 20352
52, 20352
55, 20352
54, 20352
55, 20352
55, 20352
55, 20352
56, 20352
55, 20352
54, 20352
54, 20352
55, 20352
54, 20352
55, 20352
56, 20352
56, 20352
55, 20352
55, 20352
55, 20352
56, 20352
56, 20352
52, 20352
49, 20352
50, 20352
45, 20352
49, 20352
43, 20352
49, 20352
48, 20352
49, 20352
50, 20352
50, 20352
53, 20352
51, 20352
47, 20352
49, 20352
51, 20352
49, 20352
47, 20352
50, 20352
50, 20352
46, 20352
51, 20352
50, 20352
48, 20352
50, 20352
52, 20352
53, 20352
51, 20352
52, 20352
51, 20352
99, 20352
51, 20352
46, 20352
50, 20352
51, 20352
52, 20352
52, 20352
52, 20352
52, 20352
53, 20352
48, 20352
52, 20352
53, 20352
52, 20352
51, 20352
51, 20352
52, 20352
52, 20352
51, 20352
50, 20352
51, 20352
51, 20352
51, 20352
51, 20352
51, 20352
51, 20352
51, 20352
51, 20352
47, 20352
50, 20352
49, 20352
47, 20352
51, 20352
49, 20352
46, 20352
51, 20352
51, 20352
49, 20352
51, 20352
46, 20352
49, 20352
54, 20352
50, 20352
51, 20352
49, 20352
51, 20352
52, 20352
51, 20352
51, 20352
51, 20352
50, 20352
52, 20352
52, 20352
52, 20352
52, 20352
48, 20352
52, 20352
50, 20352
52, 20352
53, 20352
53, 20352
53, 20352
53, 20352
54, 20352
53, 20352
54, 20352
47, 20352
52, 20352
54, 20352
53, 20352
50, 20352
55, 20352
51, 20352
55, 20352
54, 20352
54, 20352
54, 20352
55, 20352
53, 20352
43, 20352
52, 20352
51, 20352
53, 20352
52, 20352
54, 20352
54, 20352
52, 20352
55, 20352
57, 20352
55, 20352
52, 20352
55, 20352
55, 20352
55, 20352
55, 20352
57, 20352
56, 20352
55, 20352
56, 20352
55, 20352
57, 20352
49, 20352
55, 20352
52, 20352
53, 20352
51, 20352
52, 20352
53, 20352
51, 20352
49, 20352
50, 20352
52, 20352
51, 20352
59, 20352
54, 20352
59, 20352
55, 20352
58, 20352
57, 20352
57, 20352
54, 20352
56, 20352
58, 20352
55, 20352
58, 20352
59, 20352
60, 20352
59, 20352
60, 20352
59, 20352
54, 20352
59, 20352
57, 20352
61, 20352
62, 20352
60, 20352
61, 20352
59, 20352
61, 20352
60, 20352
60, 20352
60, 20352
61, 20352
61, 20352
60, 20352
60, 20352
60, 20352
99, 20352
48, 20352
54, 20352
52, 20352
51, 20352
53, 20352
52, 20352
51, 20352
52, 20352
53, 20352
51, 20352
53, 20352
51, 20352
44, 20352
53, 20352
55, 20352
55, 20352
55, 20352
54, 20352
56, 20352
55, 20352
55, 20352
55, 20352
55, 20352
55, 20352
55, 20352
55, 20352
56, 20352
55, 20352
52, 20352
52, 20352
52, 20352
53, 20352
52, 20352
52, 20352
52, 20352
52, 20352
53, 20352
53, 20352
52, 20352
51, 20352
52, 20352
55, 20352
53, 20352
54, 20352
53, 20352
53, 20352
54, 20352
53, 20352
54, 20352
56, 20352
52, 20352
48, 20352
52, 20352
52, 20352
55, 20352
53, 20352
53, 20352
53, 20352
55, 20352
53, 20352
53, 20352
53, 20352
53, 20352
54, 20352
53, 20352
53, 20352
51, 20352
54, 20352
55, 20352
55, 20352
55, 20352
53, 20352
57, 20352
54, 20352
55, 20352
54, 20352
54, 20352
81, 20352
52, 20352
52, 20352
49, 20352
51, 20352
51, 20352
52, 20352
49, 20352
53, 20352
52, 20352
52, 20352
53, 20352
52, 20352
49, 20352
51, 20352
53, 20352
46, 20352
46, 20352
51, 20352
51, 20352
53, 20352
50, 20352
46, 20352
49, 20352
49, 20352
51, 20352
49, 20352
48, 20352
51, 20352
52, 20352
53, 20352
53, 20352
52, 20352
53, 20352
53, 20352
50, 20352
52, 20352
53, 20352
53, 20352
54, 20352
51, 20352
53, 20352
52, 20352
53, 20352
52, 20352
49, 20352
49, 20352
48, 20352
54, 20352
53, 20352
55, 20352
56, 20352
56, 20352
58, 20352
57, 20352
56, 20352
54, 20352
57, 20352
57, 20352
49, 20352
53, 20352
53, 20352
53, 20352
51, 20352
53, 20352
53, 20352
55, 20352
54, 20352
54, 20352
55, 20352
99, 20352
52, 20352
47, 20352
50, 20352
53, 20352
53, 20352
53, 20352
51, 20352
53, 20352
54, 20352
49, 20352
53, 20352
53, 20352
54, 20352
53, 20352
53, 20352
53, 20352
51, 20352
51, 20352
54, 20352
55, 20352
54, 20352
52, 20352
54, 20352
55, 20352
49, 20352
52, 20352
54, 20352
55, 20352
53, 20352
53, 20352
54, 20352
55, 20352
55, 20352
55, 20352
53, 20352
53, 20352
50, 20352
53, 20352
53, 20352
51, 20352
52, 20352
52, 20352
51, 20352
48, 20352
48, 20352
51, 20352
51, 20352
51, 20352
51, 20352
50, 20352
51, 20352
51, 20352
52, 20352
52, 20352
51, 20352
52, 20352
52, 20352
51, 20352
50, 20352
53, 20352
53, 20352
52, 20352
52, 20352
52, 20352
52, 20352
52, 20352
52, 20352
51, 20352
53, 20352
53, 20352
54, 20352
49, 20352
50, 20352
53, 20352
50, 20352
50, 20352
50, 20352
49, 20352
47, 20352
51, 20352
53, 20352
52, 20352
53, 20352
50, 20352
52, 20352
53, 20352
53, 20352
49, 20352
49, 20352
53, 20352
53, 20352
54, 20352
53, 20352
49, 20352
52, 20352
50, 20352
48, 20352
52, 20352
47, 20352
55, 20352
50, 20352
48, 20352
47, 20352
31, 20352
45, 20352
41, 20352
43, 20352
50, 20352
52, 20352
51, 20352
47, 20352
52, 20352
53, 20352
49, 20352
51, 20352
52, 20352
52, 20352
51, 20352
51, 20352
52, 20352
53, 20352
53, 20352
54, 20352
53, 20352
52, 20352
53, 20352
53, 20352
52, 20352
53, 20352
53, 20352
54, 20352
54, 20352
50, 20352
44, 20352
54, 20352
50, 20352
52, 20352
53, 20352
53, 20352
55, 20352
52, 20352
55, 20352
55, 20352
55, 20352
55, 20352
55, 20352
55, 20352
56, 20352
56, 20352
56, 20352
54, 20352
58, 20352
55, 20352
52, 20352
54, 20352
56, 20352
55, 20352
55, 20352
55, 20352
52, 20352
51, 20352
52, 20352
52, 20352
52, 20352
52, 20352
51, 20352
52, 20352
53, 20352
53, 20352
53, 20352
54, 20352
53, 20352
53, 20352
52, 20352
50, 20352
49, 20352
53, 20352
53, 20352
53, 20352
54, 20352
54, 20352
51, 20352
53, 20352
55, 20352
51, 20352
53, 20352
50, 20352
56, 20352
52, 20352
52, 20352
53, 20352
50, 20352
52, 20352
53, 20352
53, 20352
53, 20352
51, 20352
54, 20352
53, 20352
54, 20352
53, 20352
55, 20352
54, 20574
53, 20574
54, 20574
55, 20574
51, 20574
53, 20574
54, 20574
54, 20574
54, 20574
54, 20574
55, 20574
55, 20574
55, 20574
52, 20574
55, 20574
56, 20574
55, 20574
54, 20574
54, 20574
55, 20574
54, 20574
52, 20574
55, 20574
55, 20574
55, 20574
54, 20574
56, 20574
53, 20574
57, 20574
57, 20574
57, 20574
54, 20574
56, 20574
58, 20574
57, 20574
58, 20574
56, 20574
59, 20574
59, 20574
58, 20574
59, 20574
57, 20574
59, 20574
59, 20574
58, 20574
58, 20574
58, 20574
59, 20574
52, 20574
52, 20574
52, 20574
53, 20574
53, 20574
54, 20574
53, 20574
52, 20574
53, 20574
54, 20574
51, 20574
52, 20574
53, 20574
53, 20574
54, 20574
52, 20574
54, 20574
52, 20574
54, 20574
54, 20574
54, 20574
53, 20574
50, 20574
50, 20574
54, 20574
52, 20574
52, 20574
51, 20574
51, 20574
50, 20574
51, 20574
51, 20574
50, 20574
51, 20574
51, 20574
49, 20574
51, 20574
53, 20574
52, 20574
52, 20574
54, 20574
53, 20574
53, 20574
53, 20574
54, 20574
48, 20574
53, 20574
52, 20574
53, 20574
55, 20574
53, 20574
54, 20574
54, 20574
54, 20574
53, 20574
53, 20574
54, 20574
53, 20574
55, 20574
53, 20574
55, 20574
54, 20574
54, 20574
49, 20574
49, 20574
51, 20574
53, 20574
54, 20574
52, 20574
55, 20574
48, 20574
52, 20574
50, 20574
52, 20574
52, 20574
52, 20574
48, 20574
52, 20574
53, 20574
52, 20574
53, 20574
53, 20574
54, 20574
55, 20574
52, 20574
55, 20574
53, 20574
53, 20574
53, 20574
51, 20574
52, 20574
54, 20574
53, 20574
52, 20574
54, 20574
53, 20574
54, 20574
53, 20574
53, 20574
54, 20574
54, 20574
54, 20574
52, 20574
53, 20574
50, 20574
52, 20574
50, 20574
49, 20574
50, 20574
54, 20574
53, 20574
51, 20574
53, 20574
54, 20574
51, 20574
52, 20574
54, 20574
54, 20574
53, 20574
54, 20574
55, 20574
54, 20574
51, 20574
52, 20574
51, 20574
55, 20574
55, 20574
53, 20574
53, 20574
54, 20574
54, 20574
55, 20574
53, 20574
53, 20574
52, 20574
52, 20574
53, 20574
53, 20574
51, 20574
51, 20574
51, 20574
51, 20574
51, 20574
53, 20574
52, 20574
52, 20574
53, 20574
52, 20574
52, 20574
51, 20574
53, 20574
53, 20574
53, 20574
52, 20574
50, 20574
51, 20574
51, 20574
53, 20574
52, 20574
52, 20574
52, 20574
52, 20574
50, 20574
50, 20574
53, 20574
53, 20574
53, 20574
54, 20574
53, 20574
54, 20574
53, 20574
56, 20574
51, 20574
52, 20574
54, 20574
53, 20574
54, 20574
54, 20574
54, 20574
54, 20574
55, 20574
54, 20574
54, 20574
50, 20574
51, 20574
49, 20574
52, 20574
52, 20574
52, 20574
52, 20574
52, 20574
53, 20574
52, 20574
52, 20574
53, 20574
52, 20574
53, 20574
53, 20574
53, 20574
54, 20574
53, 20574
53, 20574
54, 20574
54, 20574
55, 20574
54, 20574
54, 20574
55, 20574
54, 20574
53, 20574
54, 20574
53, 20574
54, 20574
56, 20574
51, 20574
50, 20574
51, 20574
52, 20574
53, 20574
50, 20574
52, 20574
53, 20574
51, 20574
55, 20574
53, 20574
53, 20574
55, 20574
53, 20574
54, 20574
54, 20574
54, 20574
54, 20574
54, 20574
54, 20574
55, 20574
53, 20574
55, 20574
56, 20574
56, 20574
56, 20574
55, 20574
55, 20574
56, 20574
56, 20574
56, 20574
56, 20574
55, 20574
54, 20574
55, 20574
55, 20574
54, 20574
56, 20574
56, 20574
55, 20574
57, 20574
58, 20574
57, 20574
57, 20574
57, 20574
57, 20574
58, 20574
52, 20574
52, 20574
50, 20574
53, 20574
53, 20574
52, 20574
53, 20574
53, 20574
53, 20574
54, 20574
99, 20574
53, 20574
52, 20574
53, 20574
53, 20574
53, 20574
53, 20574
53, 20574
53, 20574
53, 20574
53, 20574
54, 20574
53, 20574
54, 20574
54, 20574
55, 20574
54, 20574
53, 20574
55, 20574
55, 20574
55, 20574
56, 20574
56, 20574
55, 20574
56, 20574
53, 20574
53, 20574
53, 20574
53, 20574
53, 20574
54, 20574
54, 20574
53, 20574
53, 20574
52, 20574
53, 20574
53, 20574
50, 20574
54, 20574
53, 20574
54, 20574
55, 20574
55, 20574
55, 20574
55, 20574
56, 20574
55, 20574
54, 20574
56, 20574
56, 20574
56, 20574
56, 20574
56, 20574
56, 20574
57, 20574
57, 20574
55, 20574
99, 20574
52, 20574
51, 20574
51, 20574
51, 20574
53, 20574
53, 20574
53, 20574
53, 20574
53, 20574
53, 20574
55, 20574
54, 20574
52, 20574
54, 20574
54, 20574
54, 20574
51, 20574
54, 20574
54, 20574
55, 20574
55, 20574
54, 20574
55, 20574
54, 20574
55, 20574
56, 20574
56, 20574
54, 20574
56, 20574
55, 20574
55, 20574
56, 20574
56, 20574
57, 20574
53, 20574
52, 20574
55, 20574
57, 20574
57, 20574
52, 20574
50, 20574
99, 20574
51, 20574
51, 20574
51, 20574
52, 20574
52, 20574
54, 20574
52, 20574
52, 20574
54, 20574
100, 20574
54, 20574
55, 20574
54, 20574
54, 20574
55, 20574
55, 20574
54, 20574
55, 20574
49, 20574
54, 20574
55, 20574
53, 20574
57, 20574
52, 20574
53, 20574
53, 20574
52, 20574
52, 20574
51, 20574
51, 20574
49, 20574
51, 20574
53, 20574
53, 20574
53, 20574
53, 20574
53, 20574
52, 20574
54, 20574
55, 20574
54, 20574
50, 20574
54, 20574
55, 20574
54, 20574
52, 20574
53, 20574
56, 20574
53, 20574
52, 20574
52, 20574
53, 20574
53, 20574
52, 20574
52, 20574
52, 20574
51, 20574
47, 20574
52, 20574
53, 20574
54, 20574
53, 20574
52, 20574
52, 20574
51, 20574
52, 20574
52, 20574
52, 20574
52, 20574
53, 20574
53, 20574
99, 20574
50, 20574
49, 20574
51, 20574
52, 20574
51, 20574
50, 20574
51, 20574
51, 20574
52, 20574
52, 20574
53, 20574
53, 20574
54, 20574
54, 20574
52, 20574
54, 20574
54, 20574
53, 20574
53, 20574
55, 20574
55, 20574
55, 20574
54, 20574
55, 20574
52, 20574
52, 20574
55, 20574
54, 20574
52, 20574
57, 20574
52, 20574
55, 20574
56, 20574
55, 20574
56, 20574
56, 20574
56, 20574
57, 20574
57, 20574
56, 20574
53, 20574
55, 20574
56, 20574
56, 20574
57, 20574
57, 20574
57, 20574
56, 20574
58, 20574
57, 20574
57, 20574
58, 20574
51, 20574
52, 20574
52, 20574
52, 20574
53, 20574
49, 20574
54, 20574
53, 20574
54, 20574
53, 20574
53, 20574
52, 20574
54, 20574
53, 20574
53, 20574
55, 20574
50, 20574
49, 20574
51, 20574
50, 20574
51, 20574
50, 20574
53, 20574
51, 20574
53, 20574
52, 20574
51, 20574
50, 20574
53, 20574
52, 20574
52, 20574
53, 20574
51, 20574
53, 20574
52, 20574
52, 20574
54, 20574
51, 20574
47, 20574
50, 20574
51, 20574
51, 20574
46, 20574
51, 20574
48, 20574
51, 20574
51, 20574
51, 20574
51, 20574
52, 20574
53, 20574
53, 20574
53, 20574
53, 20574
37, 20574
52, 20574
53, 20574
54, 20574
55, 20574
52, 20574
54, 20574
53, 20574
54, 20574
54, 20574
53, 20574
54, 20574
55, 20574
56, 20574
51, 20574
52, 20574
52, 20574
52, 20574
52, 20574
53, 20574
52, 20574
54, 20574
53, 20574
53, 20574
53, 20574
52, 20574
53, 20574
55, 20574
53, 20574
52, 20574
55, 20574
53, 20574
53, 20574
50, 20574
53, 20574
54, 20574
51, 20574
53, 20574
51, 20574
51, 20574
50, 20574
51, 20574
50, 20574
51, 20574
52, 20574
52, 20574
52, 20574
52, 20574
47, 20574
54, 20574
50, 20574
53, 20574
55, 20574
54, 20574
54, 20574
54, 20574
51, 20574
54, 20574
53, 20574
52, 20574
53, 20574
51, 20574
48, 20574
53, 20574
52, 20574
53, 20574
54, 20574
54, 20574
54, 20574
55, 20574
54, 20574
54, 20574
54, 20574
54, 20574
55, 20574
52, 20574
51, 20574
52, 20574
52, 20574
51, 20574
53, 20574
51, 20574
51, 20574
54, 20574
52, 20574
53, 20574
52, 20574
53, 20574
53, 20574
53, 20574
53, 20574
54, 20574
54, 20574
99, 20574
50, 20574
50, 20574
50, 20574
51, 20574
51, 20574
50, 20574
51, 20574
49, 20574
51, 20574
52, 20574
52, 20574
51, 20574
49, 20574
51, 20574
50, 20574
53, 20574
53, 20574
51, 20574
50, 20574
48, 20574
53, 20574
48, 20574
54, 20574
51, 20574
49, 20574
54, 20574
50, 20574
53, 20574
55, 20574
53, 20574
54, 20574
53, 20574
49, 20574
54, 20574
53, 20574
54, 20574
54, 20574
54, 20574
54, 20574
54, 20574
54, 20574
54, 20574
55, 20574
52, 20574
54, 20574
55, 20574
54, 20574
55, 20574
55, 20574
54, 20574
47, 20574
50, 20574
48, 20574
47, 20574
55, 20574
54, 20574
56, 20574
56, 20574
56, 20574
56, 20574
56, 20574
57, 20574
54, 20574
56, 20574
57, 20574
53, 20574
57, 20574
57, 20574
56, 20574
57, 20574
56, 20574
57, 20574
52, 20574
51, 20574
57, 20574
52, 20574
57, 20574
57, 20574
54, 20574
53, 20574
57, 20574
55, 20574
54, 20574
54, 20574
58, 20574
57, 20574
61, 20574
58, 20574
58, 20574
48, 20574
59, 20574
59, 20574
58, 20574
60, 20574
60, 20574
60, 20574
60, 20574
58, 20574
61, 20574
60, 20574
61, 20574
57, 20574
62, 20574
60, 20574
59, 20574
62, 20574
62, 20574
61, 20574
51, 20574
51, 20574
51, 20574
51, 20574
49, 20574
49, 20574
51, 20574
51, 20574
52, 20574
51, 20724
51, 20724
52, 20724
54, 20724
54, 20724
54, 20724
54, 20724
55, 20724
52, 20724
54, 20724
53, 20724
54, 20724
56, 20724
54, 20724
56, 20724
56, 20724
55, 20724
55, 20724
49, 20724
56, 20724
57, 20724
55, 20724
55, 20724
55, 20724
54, 20724
56, 20724
56, 20724
57, 20724
56, 20724
53, 20724
56, 20724
58, 20724
57, 20724
59, 20724
57, 20724
59, 20724
59, 20724
59, 20724
58, 20724
59, 20724
57, 20724
61, 20724
50, 20724
52, 20724
52, 20724
50, 20724
52, 20724
52, 20724
53, 20724
51, 20724
50, 20724
51, 20724
53, 20724
55, 20724
54, 20724
54, 20724
53, 20724
55, 20724
53, 20724
54, 20724
54, 20724
55, 20724
54, 20724
56, 20724
53, 20724
55, 20724
56, 20724
56, 20724
56, 20724
56, 20724
55, 20724
55, 20724
56, 20724
57, 20724
56, 20724
56, 20724
56, 20724
56, 20724
56, 20724
56, 20724
57, 20724
51, 20724
51, 20724
52, 20724
53, 20724
53, 20724
53, 20724
51, 20724
52, 20724
52, 20724
53, 20724
52, 20724
49, 20724
53, 20724
52, 20724
53, 20724
53, 20724
54, 20724
54, 20724
51, 20724
49, 20724
53, 20724
52, 20724
53, 20724
54, 20724
53, 20724
52, 20724
53, 20724
52, 20724
51, 20724
51, 20724
52, 20724
53, 20724
52, 20724
52, 20724
52, 20724
52, 20724
52, 20724
49, 20724
48, 20724
51, 20724
52, 20724
53, 20724
53, 20724
53, 20724
53, 20724
53, 20724
54, 20724
50, 20724
53, 20724
55, 20724
52, 20724
51, 20724
52, 20724
52, 20724
53, 20724
52, 20724
52, 20724
52, 20724
53, 20724
54, 20724
53, 20724
52, 20724
48, 20724
50, 20724
53, 20724
51, 20724
51, 20724
53, 20724
53, 20724
53, 20724
52, 20724
53, 20724
55, 20724
50, 20724
52, 20724
51, 20724
54, 20724
51, 20724
52, 20724
51, 20724
54, 20724
51, 20724
52, 20724
52, 20724
52, 20724
52, 20724
52, 20724
53, 20724
52, 20724
54, 20724
52, 20724
55, 20724
52, 20724
52, 20724
54, 20724
53, 20724
49, 20724
51, 20724
53, 20724
52, 20724
53, 20724
53, 20724
54, 20724
53, 20724
55, 20724
55, 20724
54, 20724
52, 20724
54, 20724
54, 20724
54, 20724
56, 20724
52, 20724
54, 20724
52, 20724
54, 20724
53, 20724
54, 20724
54, 20724
55, 20724
55, 20724
53, 20724
52, 20724
52, 20724
53, 20724
53, 20724
53, 20724
56, 20724
55, 20724
55, 20724
53, 20724
54, 20724
55, 20724
54, 20724
55, 20724
55, 20724
54, 20724
55, 20724
54, 20724
55, 20724
53, 20724
56, 20724
51, 20724
51, 20724
50, 20724
48, 20724
51, 20724
51, 20724
51, 20724
49, 20724
52, 20724
51, 20724
54, 20724
52, 20724
54, 20724
54, 20724
49, 20724
52, 20724
53, 20724
51, 20724
53, 20724
52, 20724
50, 20724
51, 20724
53, 20724
49, 20724
49, 20724
52, 20724
54, 20724
52, 20724
52, 20724
54, 20724
48, 20724
51, 20724
54, 20724
48, 20724
50, 20724
50, 20724
51, 20724
51, 20724
51, 20724
52, 20724
50, 20724
48, 20724
52, 20724
51, 20724
51, 20724
51, 20724
49, 20724
51, 20724
52, 20724
51, 20724
52, 20724
56, 20724
51, 20724
50, 20724
51, 20724
51, 20724
51, 20724
52, 20724
52, 20724
51, 20724
51, 20724
51, 20724
51, 20724
52, 20724
48, 20724
48, 20724
52, 20724
52, 20724
54, 20724
46, 20724
51, 20724
51, 20724
51, 20724
48, 20724
52, 20724
52, 20724
51, 20724
52, 20724
52, 20724
51, 20724
52, 20724
53, 20724
85, 20724
51, 20724
51, 20724
51, 20724
53, 20724
52, 20724
52, 20724
52, 20724
52, 20724
52, 20724
52, 20724
54, 20724
53, 20724
52, 20724
54, 20724
53, 20724
53, 20724
54, 20724
54, 20724
49, 20724
48, 20724
51, 20724
49, 20724
52, 20724
51, 20724
51, 20724
52, 20724
51, 20724
51, 20724
49, 20724
52, 20724
47, 20724
51, 20724
47, 20724
52, 20724
48, 20724
53, 20724
46, 20724
51, 20724
51, 20724
52, 20724
52, 20724
53, 20724
53, 20724
52, 20724
51, 20985
52, 20724
53, 20724
51, 20724
52, 20724
53, 20724
53, 20724
53, 20724
55, 20724
51, 20724
52, 20724
55, 20724
54, 20724
56, 20724
55, 20724
56, 20724
57, 20724
56, 20724
54, 20724
51, 20724
52, 20724
51, 20724
51, 20724
51, 20724
48, 20724
50, 20724
45, 20724
51, 20724
49, 20724
54, 20724
52, 20724
52, 20724
52, 20724
53, 20724
53, 20724
53, 20724
49, 20724
49, 20724
54, 20724
50, 20724
54, 20724
55, 20724
51, 20724
51, 20724
49, 20724
48, 20724
51, 20724
51, 20724
51, 20724
53, 20724
53, 20724
53, 20724
53, 20724
51, 20724
52, 20724
54, 20724
53, 20724
53, 20724
50, 20724
50, 20724
48, 20724
52, 20724
51, 20724
53, 20724
53, 20724
53, 20724
52, 20724
52, 20724
54, 20724
53, 20724
53, 20724
54, 20724
53, 20724
53, 20724
49, 20724
54, 20724
55, 20724
55, 20724
50, 20724
55, 20724
55, 20724
53, 20724
54, 20724
56, 20724
52, 20724
51, 20724
53, 20724
53, 20724
52, 20724
53, 20724
52, 20724
52, 20724
52, 20724
50, 20724
50, 20724
52, 20724
52, 20724
54, 20724
53, 20724
52, 20724
48, 20724
52, 20724
51, 20724
50, 20724
51, 20724
52, 20724
52, 20724
52, 20724
53, 20724
53, 20724
54, 20724
53, 20724
51, 20724
53, 20724
51, 20724
50, 20724
53, 20724
52, 20724
47, 20724
52, 20724
52, 20724
50, 20724
54, 20724
53, 20724
53, 20724
53, 20724
53, 20724
53, 20724
52, 20724
53, 20724
53, 20724
54, 20724
53, 20724
50, 20724
99, 20724
51, 20724
47, 20724
51, 20724
49, 20724
51, 20724
51, 20724
52, 20724
53, 20724
48, 20724
52, 20724
51, 20724
52, 20724
49, 20724
52, 20724
51, 20724
53, 20724
49, 20724
52, 20724
53, 20724
54, 20724
53, 20724
50, 20724
50, 20724
50, 20724
51, 20724
51, 20724
51, 20724
51, 20724
52, 20724
53, 20724
52, 20724
52, 20724
53, 20724
51, 20724
50, 20724
52, 20724
50, 20724
49, 20724
51, 20724
49, 20724
48, 20724
51, 20724
51, 20724
49, 20724
51, 20724
51, 20985
51, 20724
52, 20724
51, 20724
51, 20724
49, 20724
47, 20724
48, 20724
49, 20724
48, 20724
50, 20724
53, 20724
48, 20724
50, 20724
50, 20724
54, 20724
54, 20724
54, 20724
53, 20724
54, 20724
55, 20724
55, 20724
55, 20724
53, 20724
53, 20724
50, 20724
50, 20724
49, 20724
48, 20724
49, 20724
51, 20724
52, 20724
51, 20724
53, 20724
51, 20724
51, 20724
52, 20724
53, 20724
53, 20724
53, 20724
53, 20724
51, 20724
52, 20724
53, 20724
52, 20724
54, 20724
53, 20724
54, 20724
52, 20724
54, 20724
53, 20724
55, 20724
54, 20724
55, 20724
53, 20724
55, 20724
55, 20724
54, 20724
56, 20724
56, 20724
51, 20724
55, 20724
56, 20724
56, 20724
53, 20724
53, 20724
52, 20724
56, 20724
56, 20724
57, 20724
57, 20724
57, 20724
56, 20724
56, 20724
58, 20724
57, 20724
58, 20724
57, 20724
56, 20724
56, 20724
59, 20724
58, 20724
58, 20724
99, 20724
50, 20724
50, 20724
51, 20724
52, 20724
52, 20724
50, 20724
45, 20724
45, 20724
49, 20724
52, 20724
52, 20724
51, 20724
52, 20724
52, 20724
52, 20724
52, 20724
52, 20724
53, 20724
53, 20724
55, 20724
54, 20724
55, 20724
55, 20724
55, 20724
53, 20724
55, 20724
55, 20724
55, 20724
54, 20724
55, 20724
54, 20724
54, 20724
55, 20724
56, 20724
55, 20724
54, 20724
53, 20724
54, 20724
54, 20724
54, 20724
55, 20724
55, 20724
55, 20724
56, 20724
55, 20724
55, 20724
56, 20724
57, 20724
55, 20724
55, 20724
51, 20724
51, 20724
51, 20724
50, 20724
50, 20724
47, 20724
50, 20724
51, 20724
52, 20724
52, 20724
51, 20724
50, 20724
51, 20724
51, 20724
50, 20724
51, 20724
51, 20724
49, 20724
51, 20724
51, 20724
51, 20724
51, 20724
52, 20724
52, 20724
52, 20724
53, 20724
53, 20724
52, 20724
52, 20724
53, 20724
53, 20724
54, 20724
54, 20724
54, 20724
53, 20724
55, 20724
54, 20724
55, 20724
54, 20724
54, 20724
54, 20724
55, 20724
51, 20724
50, 20724
51, 20724
52, 20724
50, 20985
49, 20724
54, 20724
54, 20724
53, 20724
53, 20724
53, 20724
53, 20724
54, 20724
53, 20724
53, 20724
52, 20724
52, 20724
55, 20724
55, 20724
55, 20724
55, 20724
56, 20724
55, 20724
55, 20724
55, 20724
55, 20724
56, 20724
56, 20724
55, 20724
56, 20724
56, 20724
58, 20724
53, 20724
56, 20724
56, 20724
56, 20724
56, 20724
57, 20724
57, 20724
56, 20724
56, 20724
57, 20724
57, 20724
58, 20724
47, 20724
52, 20724
50, 20724
52, 20724
51, 20724
50, 20724
52, 20724
52, 20724
52, 20724
53, 20724
54, 20724
52, 20724
45, 20724
54, 20724
51, 20724
53, 20724
53, 20724
53, 20724
53, 20724
53, 20724
53, 20724
53, 20724
53, 20724
54, 20724
54, 20724
52, 20724
52, 20724
54, 20724
54, 20724
55, 20724
51, 20724
52, 20724
100, 20878
54, 20878
55, 20878
55, 20878
55, 20878
55, 20878
54, 20878
53, 20878
53, 20878
56, 20878
55, 20878
55, 20878
55, 20878
56, 20878
55, 20878
55, 20878
54, 20878
53, 20878
55, 20878
55, 20878
56, 20878
53, 20878
55, 20878
57, 20878
56, 20878
58, 20878
57, 20878
59, 20878
57, 20878
57, 20878
50, 20878
51, 20878
51, 20878
51, 20878
51, 20878
52, 20878
51, 20878
52, 20878
50, 20878
52, 20878
49, 20878
50, 20878
48, 20878
50, 20878
49, 20878
53, 20878
53, 20878
54, 20878
52, 20878
54, 20878
55, 20878
53, 20878
54, 20878
55, 20878
54, 20878
53, 20878
53, 20878
54, 20878
52, 20878
55, 20878
68, 20878
55, 20878
54, 20878
53, 20878
54, 20878
54, 20878
50, 20878
56, 20878
51, 20878
54, 20878
55, 20878
54, 20878
54, 20878
57, 20878
55, 20878
54, 20878
55, 20878
56, 20878
55, 20878
56, 20878
55, 20878
56, 20878
56, 20878
56, 20878
56, 20878
56, 20878
57, 20878
56, 20878
57, 20878
57, 20878
56, 20878
58, 20878
57, 20878
56, 20878
57, 20878
56, 20878
57, 20878
57, 20878
90, 20878
51, 20878
51, 20878
42, 20878
50, 20878
45, 20878
48, 20878
51, 20878
49, 20878
52, 20878
50, 21139
52, 20878
54, 20878
52, 20878
50, 20878
51, 20878
50, 20878
51, 20878
52, 20878
51, 20878
51, 20878
52, 20878
52, 20878
49, 20878
52, 20878
53, 20878
54, 20878
52, 20878
51, 20878
55, 20878
54, 20878
99, 20878
48, 20878
49, 20878
48, 20878
52, 20878
50, 20878
51, 20878
51, 20878
54, 20878
50, 20878
54, 20878
52, 20878
49, 20878
56, 20878
54, 20878
53, 20878
55, 20878
55, 20878
56, 20878
56, 20878
51, 20878
53, 20878
54, 20878
55, 20878
55, 20878
55, 20878
56, 20878
55, 20878
56, 20878
0, 2
0, 2
0, 2
0, 2
0, 2
0, 2
0, 2
0, 2
0, 2
0, 2
0, 2
0, 2
0, 2
0, 2
0, 2
0, 2
0, 2
0, 2
0, 2
0, 2
0, 2
0, 2
0, 2
0, 2
0, 2
0, 2
0, 2
0, 2
0, 2
0, 2
0, 2
0, 2
0, 2
0, 2
0, 2
0, 2
0, 2
0, 2
0, 2
0, 2
0, 2
0, 2
0, 2
0, 2
0, 2
0, 2
0, 2
0, 2
0, 2
0, 2
0, 2
0, 2
0, 2
0, 2
0, 2
0, 2
0, 2
0, 2
0, 2
0, 2
0, 2
0, 2
0, 2
0, 2
0, 2
0, 2
0, 2
0, 2
0, 2
0, 2
0, 2
0, 2
0, 2
0, 2
0, 2
0, 2
0, 2
0, 2
0, 2
0, 2
0, 2
0, 2
0, 2
0, 2
0, 2
0, 2
0, 2
0, 2
0, 2
0, 2
0, 2
0, 2
0, 2
0, 2
0, 2
0, 2
0, 2
0, 2
0, 2
0, 2
0, 2
0, 2
0, 2
0, 2
0, 2
0, 2
0, 2
0, 2
0, 2
0, 2
0, 2
0, 2
0, 2
0, 2
0, 2
0, 2
0, 2
0, 2
0, 2
0, 2
0, 2
0, 2
0, 2
0, 2
0, 2
0, 2
0, 2
0, 2
0, 2
0, 2
0, 2
0, 2
0, 2
0, 2
0, 2
0, 2
0, 2
0, 2
0, 2
0, 2
0, 2
0, 2
0, 2
0, 2
0, 2
0, 4
4, 17270
3, 17274
0, 17280
0, 17282
1, 17288
0, 17294
3, 17300
0, 17304
2, 17310
3, 17314
5, 17322
4, 17326
4, 17332
2, 17338
2, 17344
1, 17348
5, 17352
1, 17358
1, 17364
2, 17370
0, 17376
3, 17548
0, 17790
55, 20824
51, 20824
55, 20824
55, 20824
54, 20826
55, 20826
55, 20826
55, 20826
56, 20826
54, 20826
55, 20826
54, 20826
55, 20826
55, 20826
57, 20826
56, 20826
56, 20826
57, 20826
52, 20826
56, 20826
57, 20826
56, 20826
56, 20826
55, 20826
56, 20826
58, 20826
58, 20826
57, 20826
58, 20826
57, 20826
57, 20826
57, 20826
57, 20826
56, 20826
58, 20826
57, 20826
57, 20826
58, 20826
59, 20826
58, 20826
58, 20826
59, 20826
58, 20826
58, 20826
59, 20826
58, 20826
59, 20826
61, 20826
59, 20826
61, 20826
62, 20826
61, 20826
60, 20826
61, 20826
61, 20826
58, 20826
59, 20826
60, 20826
60, 20826
59, 20826
60, 20826
60, 20826
61, 20826
61, 20826
61, 20826
58, 20826
60, 20826
62, 20826
61, 20826
61, 20826
62, 20826
64, 20826
61, 20826
60, 20826
62, 20826
57, 20826
63, 20826
64, 20826
57, 20826
63, 20826
58, 20826
63, 20826
62, 20826
64, 20826
64, 20826
63, 20826
65, 20826
64, 20826
63, 20826
63, 20826
57, 21274
48, 21726
63, 22182
63, 22642
62, 22642
64, 23106
63, 23574
66, 24046
60, 24522
62, 24522
60, 25002
46, 25486
49, 25486
52, 25486
52, 25486
53, 25486
53, 25486
52, 25486
54, 25486
53, 25486
55, 25486
56, 25486
56, 25486
55, 25486
55, 25486
56, 25486
54, 25486
53, 25486
53, 25486
55, 25486
53, 25486
56, 25486
55, 25486
56, 25486
55, 25486
55, 25486
55, 25486
52, 25486
58, 25486
52, 25486
53, 25486
54, 25486
57, 25486
55, 25486
57, 25486
58, 25486
55, 25486
57, 25486
55, 25486
57, 25486
58, 25486
58, 25486
58, 25486
52, 25486
58, 25486
54, 25486
57, 25486
55, 25486
58, 25486
56, 25486
52, 25486
56, 25486
55, 25486
58, 25486
59, 25486
59, 25486
59, 25486
60, 25486
59, 25486
60, 25486
59, 25486
61, 25486
56, 25486
60, 25486
59, 25486
58, 25486
60, 25486
61, 25486
60, 25486
62, 25486
59, 25486
59, 25486
62, 25486
60, 25486
62, 25486
63, 25486
62, 25486
59, 25486
60, 25486
62, 25486
62, 25486
61, 25486
62, 25486
61, 25486
63, 25486
63, 25486
62, 25486
61, 25486
62, 25486
62, 25486
63, 25486
65, 25486
62, 25486
64, 25486
63, 25486
63, 25486
64, 25486
63, 25486
65, 25486
62, 25486
59, 25486
61, 25486
66, 25486
64, 25486
66, 25486
65, 25486
55, 25486
55, 25486
55, 25486
54, 25486
52, 25486
55, 25486
54, 25486
54, 25486
54, 25486
54, 25486
54, 25486
55, 25486
54, 25486
52, 25486
55, 25486
53, 25486
53, 25486
55, 25486
53, 25486
55, 25486
57, 25486
57, 25486
56, 25486
56, 25486
55, 25486
56, 25486
56, 25486
57, 25486
56, 25486
59, 25486
57, 25486
56, 25486
53, 25486
56, 25486
57, 25486
55, 25486
57, 25486
56, 25486
57, 25486
60, 25486
60, 25486
56, 25486
59, 25486
59, 25486
59, 25486
59, 25486
59, 25486
59, 25486
59, 25486
60, 25486
59, 25486
60, 25486
60, 25486
59, 25486
55, 25486
61, 25486
61, 25486
62, 25486
61, 25486
61, 25486
61, 25486
61, 25486
60, 25486
60, 25486
61, 25486
62, 25486
62, 25486
61, 25486
63, 25486
62, 25486
61, 25486
61, 25486
61, 25486
60, 25486
62, 25486
63, 25486
62, 25486
63, 25486
62, 25486
62, 25486
63, 25486
64, 25486
62, 25486
62, 25486
63, 25486
61, 25486
63, 25486
64, 25486
64, 25486
64, 25486
63, 25486
61, 25486
64, 25486
64, 25486
66, 25486
62, 25486
62, 25486
63, 25486
57, 25486
63, 25486
63, 25486
65, 25486
62, 25486
63, 25486
61, 25486
62, 25974
62, 26466
64, 26962
65, 26962
43, 27462
51, 27462
54, 27462
55, 27462
54, 27462
54, 27462
56, 27462
55, 27462
54, 27462
55, 27462
55, 27462
56, 27462
55, 27462
57, 27462
57, 27462
56, 27462
57, 27462
57, 27462
55, 27462
57, 27462
57, 27462
58, 27462
58, 27462
58, 27462
58, 27462
58, 27462
52, 27462
55, 27462
54, 27462
53, 27462
54, 27462
57, 27462
57, 27462
57, 27462
58, 27462
57, 27462
53, 27462
53, 27462
59, 27462
57, 27462
60, 27462
59, 27462
60, 27462
60, 27462
51, 27462
59, 27462
54, 27462
55, 27462
59, 27462
61, 27462
60, 27462
59, 27462
59, 27462
60, 27462
61, 27462
58, 27462
61, 27462
62, 27462
62, 27462
60, 27462
60, 27462
61, 27462
59, 27462
62, 27462
62, 27462
58, 27462
62, 27462
60, 27462
64, 27462
63, 27462
62, 27462
62, 27462
62, 27462
63, 27462
65, 27462
62, 27462
63, 27462
62, 27462
61, 27462
63, 27462
64, 27462
64, 27462
65, 27462
65, 27462
65, 27462
63, 27462
65, 27462
65, 27462
66, 27462
65, 27462
64, 27462
66, 27462
66, 27462
64, 27462
65, 27462
65, 27462
66, 27462
67, 27462
63, 27462
66, 27462
68, 27462
66, 27462
66, 27462
66, 27966
66, 28474
66, 28474
67, 28986
67, 29502
66, 30022
68, 30546
68, 31074
65, 31074
68, 31606
65, 20252
66, 20792
69, 21336
69, 21884
67, 21884
70, 22436
70, 22992
68, 23552
66, 24116
67, 24684
68, 24684
68, 25256
69, 25832
68, 26412
63, 26996
69, 26996
68, 27584
69, 28176
68, 28772
69, 29372
71, 29976
65, 29976
67, 30584
64, 31196
70, 31812
70, 20336
70, 20646
65, 21270
69, 21898
69, 22530
70, 23166
71, 23806
70, 23806
73, 24450
52, 24450
56, 24450
55, 24450
52, 24450
57, 24450
57, 24450
55, 24450
56, 24450
57, 24450
56, 24450
57, 24450
58, 24450
58, 24450
56, 24450
58, 24450
56, 24450
57, 24450
59, 24450
57, 24450
55, 24450
56, 24450
59, 24450
59, 24450
59, 24450
59, 24450
58, 24450
58, 24450
58, 24450
58, 24450
58, 24450
56, 24450
60, 24450
58, 24450
60, 24450
58, 24450
55, 24450
59, 24450
57, 24450
57, 24450
60, 24450
56, 24450
55, 24450
57, 24450
61, 24450
58, 24450
61, 24450
62, 24450
62, 24450
61, 24450
63, 24450
62, 24450
62, 24450
62, 24450
62, 24450
59, 24450
63, 24450
63, 24450
63, 24450
63, 24450
63, 24450
63, 24450
62, 24450
62, 24450
63, 24450
63, 24450
61, 24450
61, 24450
62, 24450
65, 24450
64, 24450
63, 24450
99, 24450
53, 24450
53, 24450
51, 24450
50, 24450
53, 24450
53, 24450
54, 24450
54, 24450
53, 24450
55, 24450
55, 24450
54, 24450
55, 24450
55, 24450
51, 24450
55, 24450
53, 24450
52, 24450
55, 24450
56, 24450
56, 24450
56, 24450
54, 24450
55, 24450
56, 24450
53, 24450
55, 24450
53, 24450
55, 24450
55, 24450
52, 24450
53, 24450
51, 24450
51, 24450
55, 24450
56, 24450
57, 24450
55, 24450
56, 24450
57, 24450
53, 24450
58, 24450
57, 24450
54, 24450
58, 24450
59, 24450
56, 24450
56, 24450
57, 24450
55, 24450
52, 24450
52, 24450
52, 24450
52, 24450
54, 24450
54, 24450
55, 24450
54, 24450
53, 24450
55, 24450
55, 24450
54, 24450
53, 24450
53, 24450
56, 24450
54, 24450
55, 24450
54, 24450
55, 24450
56, 24450
55, 24450
56, 24450
53, 24450
55, 24450
55, 24450
56, 24450
52, 24450
56, 24450
57, 24450
56, 24450
56, 24450
55, 24450
55, 24450
52, 24450
54, 24450
55, 24450
56, 24450
56, 24450
58, 24450
57, 24450
55, 24450
58, 24450
58, 24450
58, 24450
63, 24450
53, 24450
54, 24450
52, 24450
53, 24450
52, 24450
53, 24450
55, 24450
53, 24450
53, 24450
53, 24450
54, 24450
52, 24450
53, 24450
53, 24450
55, 24450
54, 24450
54, 24450
55, 24450
54, 24450
55, 24450
54, 24450
56, 24450
56, 24450
56, 24450
54, 24450
57, 24450
57, 24450
53, 24450
57, 24450
57, 24450
57, 24450
57, 24450
57, 24450
57, 24450
56, 24450
58, 24450
53, 24450
55, 24450
57, 24450
55, 24450
55, 24450
57, 24450
59, 24450
56, 24450
58, 24450
55, 24450
57, 24450
53, 24450
59, 24450
59, 24450
56, 24450
58, 24450
55, 24450
59, 24450
56, 24450
58, 24450
60, 24450
60, 24450
58, 24450
59, 24450
59, 24450
61, 24450
59, 24450
60, 24450
59, 24450
59, 24450
60, 24450
61, 24450
62, 24450
62, 24450
59, 24450
62, 24450
61, 24450
62, 24450
62, 24450
60, 24450
63, 24450
60, 24450
59, 24450
59, 24450
61, 24450
61, 24450
63, 24450
54, 24450
59, 24450
60, 24450
63, 24450
61, 24450
61, 24450
63, 24450
63, 24450
50, 24450
53, 24450
53, 24450
53, 24450
53, 24450
54, 24450
54, 24450
54, 24450
54, 24450
55, 24450
54, 24450
55, 24450
56, 24450
54, 24450
55, 24450
50, 24450
54, 24450
55, 24450
54, 24450
54, 24450
56, 24450
56, 24450
56, 24450
56, 24450
56, 24450
57, 24450
56, 24450
57, 24450
57, 24450
57, 24450
57, 24450
57, 24450
56, 24450
57, 24450
58, 24450
58, 24450
57, 24450
57, 24450
58, 24450
58, 24450
58, 24450
57, 24450
57, 24450
58, 24450
54, 24450
57, 24450
58, 24450
59, 24450
59, 24450
58, 24450
59, 24450
59, 24450
56, 24450
58, 24450
58, 24450
59, 24450
60, 24450
59, 24450
60, 24450
58, 24450
58, 24450
59, 24450
60, 24450
61, 24450
57, 24450
60, 24450
60, 24450
60, 24450
61, 24450
55, 24450
55, 24450
53, 24450
53, 24450
54, 24450
53, 24450
54, 24450
53, 24450
54, 24450
54, 24450
54, 24450
53, 24450
54, 24450
55, 24450
55, 24450
54, 24450
55, 24450
56, 24450
56, 24450
56, 24450
55, 24450
55, 24450
57, 24450
55, 24450
56, 24450
55, 24450
54, 24450
46, 24450
54, 24450
54, 24450
55, 24450
56, 24450
54, 24450
56, 24450
56, 24450
55, 24450
56, 24450
55, 24450
51, 24450
55, 24450
53, 24450
54, 24450
56, 24450
57, 24450
57, 24450
52, 24450
55, 24450
55, 24450
56, 24450
57, 24450
57, 24450
57, 24450
58, 24450
57, 24450
58, 24450
58, 24450
58, 24450
57, 24450
58, 24450
55, 24450
58, 24450
58, 24450
57, 24450
55, 24450
59, 24450
57, 24450
53, 24450
59, 24450
58, 24450
59, 24450
55, 24450
60, 24450
58, 24450
60, 24450
59, 24450
58, 24450
60, 24450
58, 24450
54, 24450
60, 24450
60, 24450
0, 2
0, 2
0, 2
0, 2
0, 2
0, 2
0, 2
0, 2
0, 2
0, 2
0, 2
0, 2
0, 2
0, 2
0, 2
0, 2
0, 2
0, 2
0, 2
0, 2
0, 2
0, 2
0, 2
0, 2
0, 2
0, 2
0, 2
0, 2
0, 2
0, 2
0, 2
0, 2
0, 2
0, 2
0, 2
0, 2
0, 2
0, 2
0, 2
0, 2
0, 2
0, 2
0, 2
0, 2
0, 2
0, 2
0, 2
0, 2
0, 2
0, 2
0, 2
0, 2
0, 2
0, 2
0, 2
0, 2
0, 2
0, 2
0, 2
0, 2
0, 2
0, 2
0, 2
0, 2
